<html>
<body>
<pre>
<h1>µVision Build Log</h1>
<h2>Tool Versions:</h2>
IDE-Version: µVision V5.26.2.0
Copyright (C) 2018 ARM Ltd and ARM Germany GmbH. All rights reserved.
License Information: fang xz, zju, LIC=TA3CX-HYGU6-24TSS-L1AXU-SC4LM-UNJ9C
 
Tool Versions:
Toolchain:       MDK-ARM Professional  Version: 5.26.2.0
Toolchain Path:  C:\Keil_v5\ARM\ARMCLANG\Bin
C Compiler:      ArmClang.exe V6.10.1
Assembler:       Armasm.exe V6.10.1
Linker/Locator:  ArmLink.exe V6.10.1
Library Manager: ArmAr.exe V6.10.1
Hex Converter:   FromElf.exe V6.10.1
CPU DLL:         SARMCM3.DLL V5.26.2.0
Dialog DLL:      DCM.DLL V1.17.2.0
Target DLL:      Segger\JL2CM3.dll V2.99.31.0
Dialog DLL:      TCM.DLL V1.36.1.0
 
<h2>Project:</h2>
C:\Users\zjunlict-me\Desktop\c51\keil\MDK-ARM\keil.uvprojx
Project File Date:  05/30/2019

<h2>Output:</h2>
*** Using Compiler 'V6.10.1', folder: 'C:\Keil_v5\ARM\ARMCLANG\Bin'
Build target 'keil'
compiling main.c...
linking...
Program Size: Code=6482 RO-data=362 RW-data=20 ZI-data=1196  
FromELF: creating hex file...
".\keil.axf" - 0 Error(s), 0 Warning(s).

<h2>Software Packages used:</h2>

Package Vendor: ARM
                http://www.keil.com/pack/ARM.CMSIS.5.4.0.pack
                ARM.CMSIS.5.4.0
                CMSIS (Cortex Microcontroller Software Interface Standard)
   * Component: CORE Version: 5.1.2

Package Vendor: Keil
                http://www.keil.com/pack/Keil.STM32F1xx_DFP.2.0.0.pack
                Keil.STM32F1xx_DFP.2.0.0
                STMicroelectronics STM32F1 Series Device Support, Drivers and Examples

<h2>Collection of Component include folders:</h2>
  .\RTE\_keil
  C:\Keil_v5\ARM\PACK\ARM\CMSIS\5.4.0\CMSIS\Core\Include
  C:\Keil_v5\ARM\PACK\Keil\STM32F1xx_DFP\2.0.0\Device\Include

<h2>Collection of Component Files used:</h2>

   * Component: ARM::CMSIS:CORE:5.1.2
Build Time Elapsed:  00:00:01
</pre>
</body>
</html>
